------------------------------------------------------------
TimeQuest Timing Analyzer Summary
------------------------------------------------------------

Type  : Slow 1200mV 85C Model Setup 'Data_retrieve:retriever|Addr[10]'
Slack : -9.603
TNS   : -132.050

Type  : Slow 1200mV 85C Model Setup 'mypll|altpll_component|auto_generated|pll1|clk[0]'
Slack : -8.326
TNS   : -169.917

Type  : Slow 1200mV 85C Model Hold 'mypll|altpll_component|auto_generated|pll1|clk[0]'
Slack : 0.298
TNS   : 0.000

Type  : Slow 1200mV 85C Model Hold 'Data_retrieve:retriever|Addr[10]'
Slack : 1.066
TNS   : 0.000

Type  : Slow 1200mV 85C Model Minimum Pulse Width 'Data_retrieve:retriever|Addr[10]'
Slack : 0.461
TNS   : 0.000

Type  : Slow 1200mV 85C Model Minimum Pulse Width 'in_Clock'
Slack : 9.891
TNS   : 0.000

Type  : Slow 1200mV 85C Model Minimum Pulse Width 'mypll|altpll_component|auto_generated|pll1|clk[0]'
Slack : 49.700
TNS   : 0.000

Type  : Slow 1200mV 0C Model Setup 'Data_retrieve:retriever|Addr[10]'
Slack : -8.702
TNS   : -119.758

Type  : Slow 1200mV 0C Model Setup 'mypll|altpll_component|auto_generated|pll1|clk[0]'
Slack : -7.275
TNS   : -147.196

Type  : Slow 1200mV 0C Model Hold 'mypll|altpll_component|auto_generated|pll1|clk[0]'
Slack : 0.304
TNS   : 0.000

Type  : Slow 1200mV 0C Model Hold 'Data_retrieve:retriever|Addr[10]'
Slack : 1.090
TNS   : 0.000

Type  : Slow 1200mV 0C Model Minimum Pulse Width 'Data_retrieve:retriever|Addr[10]'
Slack : 0.372
TNS   : 0.000

Type  : Slow 1200mV 0C Model Minimum Pulse Width 'in_Clock'
Slack : 9.887
TNS   : 0.000

Type  : Slow 1200mV 0C Model Minimum Pulse Width 'mypll|altpll_component|auto_generated|pll1|clk[0]'
Slack : 49.691
TNS   : 0.000

Type  : Fast 1200mV 0C Model Setup 'Data_retrieve:retriever|Addr[10]'
Slack : -4.427
TNS   : -60.175

Type  : Fast 1200mV 0C Model Setup 'mypll|altpll_component|auto_generated|pll1|clk[0]'
Slack : -3.884
TNS   : -78.307

Type  : Fast 1200mV 0C Model Hold 'mypll|altpll_component|auto_generated|pll1|clk[0]'
Slack : 0.109
TNS   : 0.000

Type  : Fast 1200mV 0C Model Hold 'Data_retrieve:retriever|Addr[10]'
Slack : 0.229
TNS   : 0.000

Type  : Fast 1200mV 0C Model Minimum Pulse Width 'Data_retrieve:retriever|Addr[10]'
Slack : 0.347
TNS   : 0.000

Type  : Fast 1200mV 0C Model Minimum Pulse Width 'in_Clock'
Slack : 9.574
TNS   : 0.000

Type  : Fast 1200mV 0C Model Minimum Pulse Width 'mypll|altpll_component|auto_generated|pll1|clk[0]'
Slack : 49.751
TNS   : 0.000

------------------------------------------------------------
