------------------------------------------------------------
TimeQuest Timing Analyzer Summary
------------------------------------------------------------

Type  : Slow 1200mV 85C Model Setup 'Data_retrieve:retriever|Addr[10]'
Slack : -9.568
TNS   : -131.281

Type  : Slow 1200mV 85C Model Setup 'mypll|altpll_component|auto_generated|pll1|clk[0]'
Slack : -8.309
TNS   : -159.348

Type  : Slow 1200mV 85C Model Hold 'mypll|altpll_component|auto_generated|pll1|clk[0]'
Slack : 0.275
TNS   : 0.000

Type  : Slow 1200mV 85C Model Hold 'Data_retrieve:retriever|Addr[10]'
Slack : 1.096
TNS   : 0.000

Type  : Slow 1200mV 85C Model Minimum Pulse Width 'Data_retrieve:retriever|Addr[10]'
Slack : 0.446
TNS   : 0.000

Type  : Slow 1200mV 85C Model Minimum Pulse Width 'in_Clock'
Slack : 9.891
TNS   : 0.000

Type  : Slow 1200mV 85C Model Minimum Pulse Width 'mypll|altpll_component|auto_generated|pll1|clk[0]'
Slack : 49.697
TNS   : 0.000

Type  : Slow 1200mV 0C Model Setup 'Data_retrieve:retriever|Addr[10]'
Slack : -8.692
TNS   : -118.780

Type  : Slow 1200mV 0C Model Setup 'mypll|altpll_component|auto_generated|pll1|clk[0]'
Slack : -7.265
TNS   : -137.623

Type  : Slow 1200mV 0C Model Hold 'mypll|altpll_component|auto_generated|pll1|clk[0]'
Slack : 0.249
TNS   : 0.000

Type  : Slow 1200mV 0C Model Hold 'Data_retrieve:retriever|Addr[10]'
Slack : 1.123
TNS   : 0.000

Type  : Slow 1200mV 0C Model Minimum Pulse Width 'Data_retrieve:retriever|Addr[10]'
Slack : 0.352
TNS   : 0.000

Type  : Slow 1200mV 0C Model Minimum Pulse Width 'in_Clock'
Slack : 9.887
TNS   : 0.000

Type  : Slow 1200mV 0C Model Minimum Pulse Width 'mypll|altpll_component|auto_generated|pll1|clk[0]'
Slack : 49.688
TNS   : 0.000

Type  : Fast 1200mV 0C Model Setup 'Data_retrieve:retriever|Addr[10]'
Slack : -4.367
TNS   : -59.236

Type  : Fast 1200mV 0C Model Setup 'mypll|altpll_component|auto_generated|pll1|clk[0]'
Slack : -3.835
TNS   : -73.120

Type  : Fast 1200mV 0C Model Hold 'mypll|altpll_component|auto_generated|pll1|clk[0]'
Slack : 0.097
TNS   : 0.000

Type  : Fast 1200mV 0C Model Hold 'Data_retrieve:retriever|Addr[10]'
Slack : 0.309
TNS   : 0.000

Type  : Fast 1200mV 0C Model Minimum Pulse Width 'Data_retrieve:retriever|Addr[10]'
Slack : 0.349
TNS   : 0.000

Type  : Fast 1200mV 0C Model Minimum Pulse Width 'in_Clock'
Slack : 9.574
TNS   : 0.000

Type  : Fast 1200mV 0C Model Minimum Pulse Width 'mypll|altpll_component|auto_generated|pll1|clk[0]'
Slack : 49.751
TNS   : 0.000

------------------------------------------------------------
