------------------------------------------------------------
TimeQuest Timing Analyzer Summary
------------------------------------------------------------

Type  : Slow 1200mV 85C Model Setup 'mypll|altpll_component|auto_generated|pll1|clk[0]'
Slack : 98.761
TNS   : 0.000

Type  : Slow 1200mV 85C Model Hold 'mypll|altpll_component|auto_generated|pll1|clk[0]'
Slack : 0.402
TNS   : 0.000

Type  : Slow 1200mV 85C Model Minimum Pulse Width 'in_Clock'
Slack : 9.891
TNS   : 0.000

Type  : Slow 1200mV 85C Model Minimum Pulse Width 'mypll|altpll_component|auto_generated|pll1|clk[0]'
Slack : 49.761
TNS   : 0.000

Type  : Slow 1200mV 0C Model Setup 'mypll|altpll_component|auto_generated|pll1|clk[0]'
Slack : 98.889
TNS   : 0.000

Type  : Slow 1200mV 0C Model Hold 'mypll|altpll_component|auto_generated|pll1|clk[0]'
Slack : 0.354
TNS   : 0.000

Type  : Slow 1200mV 0C Model Minimum Pulse Width 'in_Clock'
Slack : 9.887
TNS   : 0.000

Type  : Slow 1200mV 0C Model Minimum Pulse Width 'mypll|altpll_component|auto_generated|pll1|clk[0]'
Slack : 49.754
TNS   : 0.000

Type  : Fast 1200mV 0C Model Setup 'mypll|altpll_component|auto_generated|pll1|clk[0]'
Slack : 99.389
TNS   : 0.000

Type  : Fast 1200mV 0C Model Hold 'mypll|altpll_component|auto_generated|pll1|clk[0]'
Slack : 0.178
TNS   : 0.000

Type  : Fast 1200mV 0C Model Minimum Pulse Width 'in_Clock'
Slack : 9.574
TNS   : 0.000

Type  : Fast 1200mV 0C Model Minimum Pulse Width 'mypll|altpll_component|auto_generated|pll1|clk[0]'
Slack : 49.776
TNS   : 0.000

------------------------------------------------------------
