------------------------------------------------------------
TimeQuest Timing Analyzer Summary
------------------------------------------------------------

Type  : Slow 1200mV 85C Model Setup 'mypll|altpll_component|auto_generated|pll1|clk[0]'
Slack : 86.297
TNS   : 0.000

Type  : Slow 1200mV 85C Model Hold 'mypll|altpll_component|auto_generated|pll1|clk[0]'
Slack : 0.361
TNS   : 0.000

Type  : Slow 1200mV 85C Model Minimum Pulse Width 'in_Clock'
Slack : 9.894
TNS   : 0.000

Type  : Slow 1200mV 85C Model Minimum Pulse Width 'mypll|altpll_component|auto_generated|pll1|clk[0]'
Slack : 49.701
TNS   : 0.000

Type  : Slow 1200mV 0C Model Setup 'mypll|altpll_component|auto_generated|pll1|clk[0]'
Slack : 87.220
TNS   : 0.000

Type  : Slow 1200mV 0C Model Hold 'mypll|altpll_component|auto_generated|pll1|clk[0]'
Slack : 0.353
TNS   : 0.000

Type  : Slow 1200mV 0C Model Minimum Pulse Width 'in_Clock'
Slack : 9.890
TNS   : 0.000

Type  : Slow 1200mV 0C Model Minimum Pulse Width 'mypll|altpll_component|auto_generated|pll1|clk[0]'
Slack : 49.703
TNS   : 0.000

Type  : Fast 1200mV 0C Model Setup 'mypll|altpll_component|auto_generated|pll1|clk[0]'
Slack : 92.294
TNS   : 0.000

Type  : Fast 1200mV 0C Model Hold 'mypll|altpll_component|auto_generated|pll1|clk[0]'
Slack : 0.142
TNS   : 0.000

Type  : Fast 1200mV 0C Model Minimum Pulse Width 'in_Clock'
Slack : 9.577
TNS   : 0.000

Type  : Fast 1200mV 0C Model Minimum Pulse Width 'mypll|altpll_component|auto_generated|pll1|clk[0]'
Slack : 49.755
TNS   : 0.000

------------------------------------------------------------
